---
source: tests/integration_tests.rs
expression: snapshot
---
Snapshot(
    [
        (
            CompositeKey(
                Histogram,
                Key {
                    name: KeyName(
                        "http.server.request.duration",
                    ),
                    labels: [
                        Label(
                            "http.route",
                            "UNKNOWN",
                        ),
                        Label(
                            "http.request.method",
                            "GET",
                        ),
                        Label(
                            "http.response.status_code",
                            "404",
                        ),
                    ],
                    hashed: true,
                    hash: 8935667667392521650,
                },
            ),
            Some(
                Seconds,
            ),
            Some(
                "HTTP request duration in seconds for all requests",
            ),
            Histogram(
                [
                    [VALUE],
                ],
            ),
        ),
        (
            CompositeKey(
                Histogram,
                Key {
                    name: KeyName(
                        "http.server.request.body.size",
                    ),
                    labels: [
                        Label(
                            "http.route",
                            "UNKNOWN",
                        ),
                        Label(
                            "http.request.method",
                            "GET",
                        ),
                        Label(
                            "http.response.status_code",
                            "404",
                        ),
                    ],
                    hashed: true,
                    hash: 13379323136694536144,
                },
            ),
            Some(
                Bytes,
            ),
            Some(
                "HTTP request size in bytes for all requests",
            ),
            Histogram(
                [
                    0.0,
                ],
            ),
        ),
        (
            CompositeKey(
                Histogram,
                Key {
                    name: KeyName(
                        "http.server.response.body.size",
                    ),
                    labels: [
                        Label(
                            "http.route",
                            "UNKNOWN",
                        ),
                        Label(
                            "http.request.method",
                            "GET",
                        ),
                        Label(
                            "http.response.status_code",
                            "404",
                        ),
                    ],
                    hashed: true,
                    hash: 1917831158409986310,
                },
            ),
            Some(
                Bytes,
            ),
            Some(
                "HTTP response size in bytes for all requests",
            ),
            Histogram(
                [
                    0.0,
                ],
            ),
        ),
    ],
)
