---
source: tests/integration_tests.rs
expression: snapshot
---
Snapshot(
    [
        (
            CompositeKey(
                Gauge,
                Key {
                    name: KeyName(
                        "http.server.active_requests",
                    ),
                    labels: [
                        Label(
                            "http.request.method",
                            "GET",
                        ),
                        Label(
                            "url.scheme",
                            "http",
                        ),
                    ],
                    hashed: true,
                    hash: 1764143306982493858,
                },
            ),
            None,
            Some(
                "Number of active HTTP server requests.",
            ),
            Gauge(
                0.0,
            ),
        ),
        (
            CompositeKey(
                Histogram,
                Key {
                    name: KeyName(
                        "http.server.request.duration",
                    ),
                    labels: [
                        Label(
                            "http.route",
                            "/health_check",
                        ),
                        Label(
                            "http.request.method",
                            "GET",
                        ),
                        Label(
                            "http.response.status_code",
                            "200",
                        ),
                        Label(
                            "network.protocol.version",
                            "HTTP/1.1",
                        ),
                        Label(
                            "label1",
                            "value1",
                        ),
                        Label(
                            "label2",
                            "value2",
                        ),
                    ],
                    hashed: true,
                    hash: 18375081671611971853,
                },
            ),
            Some(
                Seconds,
            ),
            Some(
                "HTTP request duration in seconds for all requests",
            ),
            Histogram(
                [
                    [VALUE],
                ],
            ),
        ),
        (
            CompositeKey(
                Histogram,
                Key {
                    name: KeyName(
                        "http.server.request.body.size",
                    ),
                    labels: [
                        Label(
                            "http.route",
                            "/health_check",
                        ),
                        Label(
                            "http.request.method",
                            "GET",
                        ),
                        Label(
                            "http.response.status_code",
                            "200",
                        ),
                        Label(
                            "network.protocol.version",
                            "HTTP/1.1",
                        ),
                        Label(
                            "label1",
                            "value1",
                        ),
                        Label(
                            "label2",
                            "value2",
                        ),
                    ],
                    hashed: true,
                    hash: 480467876785453020,
                },
            ),
            Some(
                Bytes,
            ),
            Some(
                "HTTP request size in bytes for all requests",
            ),
            Histogram(
                [
                    0.0,
                ],
            ),
        ),
        (
            CompositeKey(
                Histogram,
                Key {
                    name: KeyName(
                        "http.server.response.body.size",
                    ),
                    labels: [
                        Label(
                            "http.route",
                            "/health_check",
                        ),
                        Label(
                            "http.request.method",
                            "GET",
                        ),
                        Label(
                            "http.response.status_code",
                            "200",
                        ),
                        Label(
                            "network.protocol.version",
                            "HTTP/1.1",
                        ),
                        Label(
                            "label1",
                            "value1",
                        ),
                        Label(
                            "label2",
                            "value2",
                        ),
                    ],
                    hashed: true,
                    hash: 17752257695274005738,
                },
            ),
            Some(
                Bytes,
            ),
            Some(
                "HTTP response size in bytes for all requests",
            ),
            Histogram(
                [
                    0.0,
                ],
            ),
        ),
    ],
)
